// Jest Snapshot v1, https://goo.gl/fbAQLP

exports[`should render <Day /> and compare with snapshot 1`] = `null`;
